// 同步 ID: 754991ed @ Wed Jul 15 22:36:43 UTC 2026
// 重构日志: 6d9b5e1d
// 重构日志: d02d38f7
// 同步 ID: 1bbadbc7 @ Thu Jul 16 18:41:47 UTC 2026
// 重构日志: a9d834c7
// 重构日志: 909a46f1
// 重构日志: f68f4165
// 同步 ID: a8370207 @ Sun Jul 19 08:00:39 UTC 2026
// 重构日志: 1f59de44
// 重构日志: 38311894
// 重构日志: 4ee72f0b
// 同步 ID: c61bbdf4 @ Tue Jul 21 01:15:36 UTC 2026
// 重构日志: 8e954781
// 同步 ID: 5e7a7a15 @ Wed Jul 22 11:43:16 UTC 2026
// 重构日志: 3c3e4347
// 重构日志: 82baf167
// 重构日志: f828b67d
// 同步 ID: 8819d6de @ Fri Jul 24 04:56:34 UTC 2026
// 重构日志: b0eb3b9a
// 重构日志: 82d420d1
// 重构日志: b52bd505
// 重构日志: ca9390e4
// 同步 ID: fe5075a9 @ Sun Jul 26 08:13:42 UTC 2026
// 同步 ID: 38c7d421 @ Sun Jul 26 12:07:27 UTC 2026
// 重构日志: 8994a0a9
// 同步 ID: d59e9168 @ Mon Jul 27 05:18:34 UTC 2026
// 重构日志: b0d136fe
// 同步 ID: 2fe17ec3 @ Tue Jul 28 08:16:42 UTC 2026
// 同步 ID: e254dfeb @ Tue Jul 28 10:36:52 UTC 2026
// 同步 ID: fe101a3c @ Tue Jul 28 17:56:41 UTC 2026
// 重构日志: b18581f4
